// Jest Snapshot v1, https://goo.gl/fbAQLP

exports[`カートページ 正常に表示（ゲストカートの中身あり） 1`] = `
<DocumentFragment>
  <div
    guestcart=""
  />
</DocumentFragment>
`;

exports[`カートページ 正常に表示（空のゲストカート） 1`] = `
<DocumentFragment>
  <div
    guestcart=""
  />
</DocumentFragment>
`;

exports[`カートページ 正常に表示（空のユーザーカート） 1`] = `
<DocumentFragment>
  <div
    guestcart=""
  />
</DocumentFragment>
`;
