// Jest Snapshot v1, https://goo.gl/fbAQLP

exports[`描画される 1`] = `
<div
  className="body"
>
  <h1
    className="title"
  >
    購入確認
  </h1>
  <table
    className="itemTable"
  >
    <tbody>
      <tr
        className="tableTLine"
      >
        <th
          className="nameTag"
        >
          品名
        </th>
        <th
          className="item"
        >
          個数
        </th>
        <th
          className="itemTag"
        >
          単価
        </th>
        <th
          className="itemTag"
        >
          小計
        </th>
      </tr>
      <tr
        className="tableLine"
      >
        <td
          className="itemName"
        >
          ベルベットアームチェア
        </td>
        <td
          className="item"
        >
          1
        </td>
        <td
          className="item"
        >
          ¥ 
          16,000
        </td>
        <td
          className="item"
        >
          ¥
           
          16,000
        </td>
      </tr>
    </tbody>
    <tbody>
      <tr
        className="content"
      >
        <td
          colSpan={2}
        />
        <td
          className="subTTotal"
        >
          本体合計
        </td>
        <td
          className="topText"
        >
          ¥ 
          16,000
        </td>
      </tr>
      <tr
        className="content"
      >
        <td
          colSpan={2}
        />
        <td
          className="subTotal"
        >
          消費税
        </td>
        <td
          className="text"
        >
          ¥ 
          1,600
        </td>
      </tr>
      <tr
        className="totalContent"
      >
        <td
          colSpan={2}
        />
        <td
          className="total"
        >
          合計
        </td>
        <td
          className="total"
        >
          ¥ 
          17,600
        </td>
      </tr>
    </tbody>
  </table>
  <div
    className="addressArea"
  >
    <p
      className="addressTitle"
    >
      お届け先住所
    </p>
    <div
      className="radio"
    >
      <input
        checked={true}
        id="now"
        name="addressSelect"
        onChange={[Function]}
        type="radio"
        value="false"
      />
      <label
        className="label"
        htmlFor="now"
      >
        現在の住所にお届け
      </label>
    </div>
    <p
      className="nAddress"
    >
      東京都新宿区新宿2-5-12 8F
    </p>
    <div
      className="radio"
    >
      <input
        id="new"
        name="addressSelect"
        onChange={[Function]}
        type="radio"
        value="true"
      />
      <label
        className="label"
        htmlFor="new"
      >
        別の住所にお届け
      </label>
    </div>
    <div
      className="nonItems"
    >
      <label
        className="label"
        htmlFor="zipcode"
      >
        郵便番号
      </label>
      <br />
      <input
        className="zipcode border 'border-neutral-500' rounded pl-2.5"
        id="zipcode1"
        name="zipcode1"
        onChange={[Function]}
        pattern="^[0-9]+$"
        type="text"
        value=""
      />
      <span>
        -
      </span>
      <input
        className="zipcode border 'border-neutral-500' rounded pl-2.5"
        id="zipcode2"
        name="zipcode2"
        onChange={[Function]}
        pattern="^[0-9]+$"
        type="text"
        value=""
      />
      <button
        className="zipButton text-white bg-neutral-900 border border-neutral-900 rounded px-1"
        onClick={[Function]}
        type="button"
      >
        住所検索
      </button>
    </div>
    <div
      className="nonItems"
    >
      <label
        className="label"
        htmlFor="address"
      >
        住所
      </label>
      <br />
      <input
        className="address border 'border-neutral-500' rounded pl-2.5"
        id="address"
        name="address"
        onChange={[Function]}
        type="text"
        value="東京都新宿区新宿2-5-12 8F"
      />
    </div>
  </div>
  <div
    className="dateArea"
  >
    <p
      className="addressTitle"
    >
      お届け希望日
    </p>
    <input
      className="date"
      id="date"
      min="2023-03-21"
      name="date"
      type="date"
    />
  </div>
  <div
    className="timeArea"
  >
    <p
      className="addressTitle"
    >
      希望時間
    </p>
    <select
      className="time_zone"
      id="time_zone"
      name="time_zone"
    >
      <option
        value="none"
      >
        希望無し
      </option>
      <option
        value="morning"
      >
        午前
      </option>
      <option
        value="noon"
      >
        12時~18時
      </option>
      <option
        value="evening"
      >
        18時以降
      </option>
    </select>
  </div>
  <div
    className="buttonArea"
  >
    <button
      className="buttonStyle"
      onClick={[Function]}
      type="button"
    >
      購入する
    </button>
  </div>
  <div
    className="loginLink"
  >
    <a
      href="/cart"
      onClick={[Function]}
      onMouseEnter={[Function]}
      onTouchStart={[Function]}
    >
      <button
        className="linkButton"
        type="button"
      >
        カートに戻る
        <span
          className="buttonSpan"
        >
          →
        </span>
      </button>
    </a>
  </div>
</div>
`;
