// Jest Snapshot v1, https://goo.gl/fbAQLP

exports[`検索ボックスコンポーネント 正常に描画される 1`] = `
<DocumentFragment>
  <div
    class="serch_boxes"
  >
    <form
      class="serchbox"
    >
      <div
        class="jsx-c1272cd81e288a85"
      >
        <input
          class="jsx-c1272cd81e288a85"
          placeholder="何をお探しですか？"
          type="text"
          value=""
        />
      </div>
      <button
        class="serch_button"
        type="submit"
      >
        検索
      </button>
    </form>
    <div
      class="serch_itemsmenu"
    >
      <input
        class="serch_checkbox"
        id="serch_checkbox"
        type="checkbox"
      />
      <label
        class="serch_menu"
        for="serch_checkbox"
      >
        クリックで開く
      </label>
      <div
        class="serchmenu_itembox"
      >
        <div
          class="itemboxes"
        >
          <div
            class="itembox"
          >
            <p>
              絞り込み条件
            </p>
            <button
              class="itembox_clear"
              type="button"
            >
              クリア
            </button>
          </div>
          <div
            class="itembox_item"
          >
            <ul
              class="itembox_categories"
            >
              <li
                class="itembox_list"
              >
                <p>
                  商材カテゴリー：
                </p>
              </li>
            </ul>
            <ul
              class="itembox_genres"
            >
              <li
                class="itembox_list"
              >
                <p>
                  インテリアジャンル：
                </p>
              </li>
            </ul>
          </div>
        </div>
        <div
          class="categorybox"
        >
          <div
            class="category"
          >
            <p
              class="menu_contents_title"
            >
              インテリアジャンルから探す
            </p>
            <div
              class="category_lists"
            >
              <ul
                class="category_list"
              >
                <li>
                  <label>
                    <input
                      id="0"
                      name="categorydatas"
                      type="checkbox"
                      value="北欧風"
                    />
                    北欧風
                  </label>
                </li>
                <li>
                  <label>
                    <input
                      id="1"
                      name="categorydatas"
                      type="checkbox"
                      value="ナチュラル"
                    />
                    ナチュラル
                  </label>
                </li>
                <li>
                  <label>
                    <input
                      id="2"
                      name="categorydatas"
                      type="checkbox"
                      value="和モダン"
                    />
                    和モダン
                  </label>
                </li>
                <li>
                  <label>
                    <input
                      id="3"
                      name="categorydatas"
                      type="checkbox"
                      value="フェミニン"
                    />
                    フェミニン
                  </label>
                </li>
              </ul>
            </div>
          </div>
          <div
            class="category"
          >
            <p
              class="menu_contents_title"
            >
              商品カテゴリから探す
            </p>
            <div
              class="category_lists"
            >
              <ul
                class="category_list"
              >
                <li>
                  <label>
                    <input
                      id="0"
                      name="categorydata"
                      type="checkbox"
                      value="椅子"
                    />
                    椅子
                  </label>
                </li>
                <li>
                  <label>
                    <input
                      id="1"
                      name="categorydata"
                      type="checkbox"
                      value="テーブル"
                    />
                    テーブル
                  </label>
                </li>
                <li>
                  <label>
                    <input
                      id="2"
                      name="categorydata"
                      type="checkbox"
                      value="カーテン"
                    />
                    カーテン
                  </label>
                </li>
                <li>
                  <label>
                    <input
                      id="3"
                      name="categorydata"
                      type="checkbox"
                      value="照明"
                    />
                    照明
                  </label>
                </li>
                <li>
                  <label>
                    <input
                      id="4"
                      name="categorydata"
                      type="checkbox"
                      value="カーペット/ラグ"
                    />
                    カーペット/ラグ
                  </label>
                </li>
                <li>
                  <label>
                    <input
                      id="5"
                      name="categorydata"
                      type="checkbox"
                      value="ソファ"
                    />
                    ソファ
                  </label>
                </li>
                <li>
                  <label>
                    <input
                      id="6"
                      name="categorydata"
                      type="checkbox"
                      value="収納棚"
                    />
                    収納棚
                  </label>
                </li>
                <li>
                  <label>
                    <input
                      id="7"
                      name="categorydata"
                      type="checkbox"
                      value="ベッド/寝具"
                    />
                    ベッド/寝具
                  </label>
                </li>
                <li>
                  <label>
                    <input
                      id="8"
                      name="categorydata"
                      type="checkbox"
                      value="小物/雑貨"
                    />
                    小物/雑貨
                  </label>
                </li>
              </ul>
            </div>
          </div>
        </div>
      </div>
    </div>
  </div>
</DocumentFragment>
`;
