// Jest Snapshot v1, https://goo.gl/fbAQLP

exports[`商品詳細テスト 商品詳細を正常に描画 1`] = `
<DocumentFragment>
  <main
    class="main"
  >
    <div
      class="Breadcrumb"
    >
      <nav>
        <ol>
          <li
            class="breadlist"
          >
            <a
              href="/"
            >
              TOPページ
            </a>
          </li>
          <li
            class="breadlist"
          >
            <a
              href="/items/itemlist"
            >
              商品一覧ページ
            </a>
          </li>
          <li
            class="breadlist"
          >
            <a
              href="/items/itemlist/search?genre=フェミニン&category=椅子&category=テーブル&category=カーテン&category=照明&category=カーペット%2Fラグ&category=ソファ&category=収納棚&category=ベッド%2F寝具&category=小物%2F雑貨&input=&order=id.desc&page=0"
            >
              フェミニン
            </a>
          </li>
          <li
            class="breadlist"
          >
            <a
              href="/items/itemlist/search?genre=フェミニン&category=椅子&input=&order=id.desc&page=0"
            >
              椅子
            </a>
          </li>
          <li
            class="breadlist"
          >
            ベルベットアームチェア
          </li>
        </ol>
      </nav>
    </div>
    <div
      class="itembox"
    >
      <div
        class="content_left"
      >
        <div
          class="image"
        >
          <img
            alt="ベルベットアームチェア"
            data-nimg="1"
            decoding="async"
            height="500"
            loading="lazy"
            src="/_next/image?url=%2Fimages%2Fchair%2Fchair_feminine_1.jpg&w=1200&q=75"
            srcset="/_next/image?url=%2Fimages%2Fchair%2Fchair_feminine_1.jpg&w=640&q=75 1x, /_next/image?url=%2Fimages%2Fchair%2Fchair_feminine_1.jpg&w=1200&q=75 2x"
            style="color: transparent;"
            width="580"
          />
        </div>
        <div
          class="reviwsArea"
        >
          <div
            class="title"
          >
            <h2>
              みんなのレビュー
            </h2>
          </div>
          <div
            class="background"
          >
            <p>
              エラーが発生しました
            </p>
          </div>
        </div>
        <p>
          エラー
        </p>
      </div>
      <div
        class="content_right"
      >
        <div>
          <ul
            class="product_taglists"
          >
            <li
              class="product_taglist"
            >
              保証付
            </li>
            <li
              class="product_taglist"
            >
              完成品
            </li>
            <li
              class="product_taglist"
            >
              受注生産品
            </li>
            <li
              class="product_taglist"
            >
              開梱・設置無料
            </li>
          </ul>
        </div>
        <div
          class="content_itemname"
        >
          <span>
            ベルベットアームチェア
          </span>
        </div>
        <div
          class="content_itemprice"
        >
          <span>
            ¥ 17,600
          </span>
          <span
            class="inTax"
          >
            (税込)
          </span>
        </div>
        <div
          class="content_itemprice"
        />
        <div
          class="carts"
        >
          <div
            class="cart_left"
          >
            <select
              class="cart_value"
              id="cart_quantity"
              name="quantity"
            >
              <option
                selected=""
                value="1"
              >
                1
              </option>
              <option
                value="2"
              >
                2
              </option>
              <option
                value="3"
              >
                3
              </option>
              <option
                value="4"
              >
                4
              </option>
              <option
                value="5"
              >
                5
              </option>
              <option
                value="6"
              >
                6
              </option>
              <option
                value="7"
              >
                7
              </option>
              <option
                value="8"
              >
                8
              </option>
              <option
                value="9"
              >
                9
              </option>
              <option
                value="10"
              >
                10
              </option>
            </select>
          </div>
          <button
            class="buttonStyle"
            type="button"
          >
            カートに追加
          </button>
        </div>
        <div
          class="content_description"
        >
          <div
            class="content_itemdescription_title"
          >
            <div
              class="content_description_title"
            >
              <p>
                商品説明
              </p>
            </div>
          </div>
          <div
            class="content_itemdescription"
          >
            <p>
              ベルベットのお洒落なデザインチェア。
            </p>
          </div>
        </div>
        <div
          class="category_details"
        >
          <div
            class="category_detail"
          >
            商品カテゴリー：
            <a
              href="/items/itemlist/search?genre=北欧風&genre=ナチュラル&genre=和モダン&genre=フェミニン&category=椅子&input=&order=id.desc&page=0"
            >
              <p
                class="category_detailname"
              >
                椅子
              </p>
            </a>
          </div>
          <div
            class="category_detail"
          >
            インテリアジャンル：
            <a
              href="/items/itemlist/search?genre=フェミニン&category=椅子&category=テーブル&category=カーテン&category=照明&category=カーペット%2Fラグ&category=ソファ&category=収納棚&category=ベッド%2F寝具&category=小物%2F雑貨&input=&order=id.desc&page=0"
            >
              <p
                class="category_detailname"
              >
                フェミニン
              </p>
            </a>
          </div>
        </div>
      </div>
    </div>
  </main>
</DocumentFragment>
`;
